// Jest Snapshot v1, https://goo.gl/fbAQLP

exports[`Lucene Query Generator: $missing (multiple) 1`] = `"+_missing_:\\"prop\\" +_missing_:\\"anotherProp\\""`;

exports[`Lucene Query Generator: $missing (single) 1`] = `"+_missing_:\\"prop\\""`;

exports[`Lucene Query Generator: $not (multi value) 1`] = `"+(-prop:\\"test\\" -prop:\\"not\\")"`;

exports[`Lucene Query Generator: $not 1`] = `"+(-field:\\"value\\")"`;

exports[`Lucene Query Generator: $or (multiple. diff key) 1`] = `"+(prop:\\"test\\" anotherProp:\\"this too\\")"`;

exports[`Lucene Query Generator: $or (multiple. same key) 1`] = `"+(prop:\\"test\\" prop:\\"value\\")"`;

exports[`Lucene Query Generator: $or (single value, trick question!) 1`] = `"+(+prop:\\"test\\")"`;

exports[`Lucene Query Generator: $range 1`] = `"+prop:[\\"1\\" TO \\"5\\"]"`;

exports[`Lucene Query Generator: $search 1`] = `"+_content.ngram:$ph_0"`;

exports[`Lucene Query Generator: extreme example 1`] = `"+key1:\\"value\\" +(key2:\\"multi\\" key2:\\"value\\") +(-key4:\\"not\\" -key5:\\"not\\" -key5:\\"multi\\" -key6:[\\"notFrom\\" TO \\"notTo\\"] -key7:[\\"second\\" TO \\"range\\"] -(key8:\\"not\\" key8:\\"or\\" key8:\\"values\\")) +(key9:\\"or this\\" key10:\\"two\\" key10:\\"terms\\" (-key11:\\"nor this\\") _missing_:\\"key12\\" _content.ngram:$ph_0) +_missing_:\\"key13\\" +_missing_:\\"key14\\" +_content.ngram:$ph_1"`;

exports[`Lucene Query Generator: multiple field 1`] = `"+ogit\\\\/_id:\\"xyz\\" +ogit\\\\/_type:\\"ogit/Comment\\""`;

exports[`Lucene Query Generator: multiple values (as and) 1`] = `"+(field:\\"value1\\" field:\\"value2\\")"`;

exports[`Lucene Query Generator: single field 1`] = `"+ogit\\\\/_id:\\"xyz\\""`;

exports[`Lucene Query Generator: strings with existing slashes 1`] = `"+prop:\\"test \\\\\\\\ slashed\\""`;

exports[`Lucene Query Generator: strings with exsiting slashed quotes 1`] = `"+prop:\\"test \\\\\\\\\\\\\\" slashquoted\\""`;

exports[`Lucene Query Generator: strings with quotes 1`] = `"+prop:\\"test \\\\\\" quoted\\""`;
