// Jest Snapshot v1, https://goo.gl/fbAQLP

exports[`Lucene Query Generator: $missing (multiple) 1`] = `"+_missing_:\\"prop\\" +_missing_:\\"anotherProp\\""`;

exports[`Lucene Query Generator: $missing (single) 1`] = `"+_missing_:\\"prop\\""`;

exports[`Lucene Query Generator: $not (multi value) 1`] = `"+(-prop:$ph_0 -prop:$ph_1)"`;

exports[`Lucene Query Generator: $not 1`] = `"+(-field:$ph_0)"`;

exports[`Lucene Query Generator: $or (multiple. diff key) 1`] = `"+(prop:$ph_0 anotherProp:$ph_1)"`;

exports[`Lucene Query Generator: $or (multiple. same key) 1`] = `"+(prop:$ph_0 prop:$ph_1)"`;

exports[`Lucene Query Generator: $or (single value, trick question!) 1`] = `"+(+prop:$ph_0)"`;

exports[`Lucene Query Generator: $range 1`] = `"+prop:[\\"1\\" TO \\"5\\"]"`;

exports[`Lucene Query Generator: $search 1`] = `"+_content.ngram:$ph_0"`;

exports[`Lucene Query Generator: extreme example 1`] = `"+key1:$ph_0 +key2:$ph_1 +key2:$ph_2 +(-key4:$ph_3 -key5:$ph_4 -key5:$ph_5 -key6:[\\"notFrom\\" TO \\"notTo\\"] -key7:[\\"second\\" TO \\"range\\"] -(key8:$ph_6 key8:$ph_7 key8:$ph_8)) +(key9:$ph_9 key10:$ph_10 key10:$ph_11 (-key11:$ph_12) _missing_:\\"key12\\" _content.ngram:$ph_13) +_missing_:\\"key13\\" +_missing_:\\"key14\\" +_content.ngram:$ph_14"`;

exports[`Lucene Query Generator: multiple field 1`] = `"+ogit\\\\/_id:$ph_0 +ogit\\\\/_type:$ph_1"`;

exports[`Lucene Query Generator: multiple values (as and) 1`] = `"+field:$ph_0 +field:$ph_1"`;

exports[`Lucene Query Generator: single field 1`] = `"+ogit\\\\/_id:$ph_0"`;

exports[`Lucene Query Generator: strings with existing slashes 1`] = `"+prop:$ph_0"`;

exports[`Lucene Query Generator: strings with exsiting slashed quotes 1`] = `"+prop:$ph_0"`;

exports[`Lucene Query Generator: strings with quotes 1`] = `"+prop:$ph_0"`;
